PS D:\README.md> git init
Initialized empty Git repository in D:/README.md/.git/
PS D:\README.md> git add . 
PS D:\README.md> git commit -m "README.md for put data"
[master (root-commit) 3675e7c] README.md for put data
 1 file changed, 13 insertions(+)
 create mode 100644 index.html
PS D:\README.md> git switch -c feature
Switched to a new branch 'feature'
PS D:\README.md> git branch
* feature
  master
PS D:\README.md> git add .
PS D:\README.md> git commit -m "Add name and email in README.md"
[feature d40bc1e] Add name and email in README.md
 1 file changed, 2 insertions(+), 1 deletion(-)
PS D:\README.md> git switch master
Switched to branch 'master'
PS D:\README.md> git branch
  feature
* master
PS D:\README.md> git merge feature
Updating 3675e7c..d40bc1e
Fast-forward
 index.html | 3 ++-
 1 file changed, 2 insertions(+), 1 deletion(-)
PS D:\README.md> git remote add README.md https://github.com/Kultida11/README.md_Kultida.git 
PS D:\README.md> git branch -M main
PS D:\README.md> git push -u README.md main
Enumerating objects: 6, done.
Counting objects: 100% (6/6), done.
Delta compression using up to 24 threads
Compressing objects: 100% (4/4), done.
Writing objects: 100% (6/6), 696 bytes | 696.00 KiB/s, done.
Total 6 (delta 1), reused 0 (delta 0), pack-reused 0 (from 0)
remote: Resolving deltas: 100% (1/1), done.
To https://github.com/Kultida11/README.md_Kultida.git
 * [new branch]      main -> main
branch 'main' set up to track 'README.md/main'.
PS D:\README.md> 
